###############################################################################
#
# IAR ELF Linker V8.22.2.15995/W32 for ARM                08/Jun/2018  20:15:48
# Copyright 2007-2018 IAR Systems AB.
#
#    Output file  =  
#        C:\Users\MariaCarmela\Desktop\X-CUBE-IKA02A1_V1.0.0\Projects\Multi\Examples\Gas
#        concentration
#        reading\EWARM\STM32L053R8-Nucleo\STM32L053R8_NUCLEO\Exe\ExampleOpAmpL0.out
#    Map file     =  
#        C:\Users\MariaCarmela\Desktop\X-CUBE-IKA02A1_V1.0.0\Projects\Multi\Examples\Gas
#        concentration
#        reading\EWARM\STM32L053R8-Nucleo\STM32L053R8_NUCLEO\List\ExampleOpAmpL0.map
#    Command line =  
#        -f C:\Users\MARIAC~1\AppData\Local\Temp\EWF5D2.tmp
#        ("C:\Users\MariaCarmela\Desktop\X-CUBE-IKA02A1_V1.0.0\Projects\Multi\Examples\Gas
#        concentration
#        reading\EWARM\STM32L053R8-Nucleo\STM32L053R8_NUCLEO\Obj\cube_hal.o"
#        "C:\Users\MariaCarmela\Desktop\X-CUBE-IKA02A1_V1.0.0\Projects\Multi\Examples\Gas
#        concentration
#        reading\EWARM\STM32L053R8-Nucleo\STM32L053R8_NUCLEO\Obj\cube_hal_l0.o"
#        "C:\Users\MariaCarmela\Desktop\X-CUBE-IKA02A1_V1.0.0\Projects\Multi\Examples\Gas
#        concentration
#        reading\EWARM\STM32L053R8-Nucleo\STM32L053R8_NUCLEO\Obj\main.o"
#        "C:\Users\MariaCarmela\Desktop\X-CUBE-IKA02A1_V1.0.0\Projects\Multi\Examples\Gas
#        concentration
#        reading\EWARM\STM32L053R8-Nucleo\STM32L053R8_NUCLEO\Obj\startup_stm32l053xx.o"
#        "C:\Users\MariaCarmela\Desktop\X-CUBE-IKA02A1_V1.0.0\Projects\Multi\Examples\Gas
#        concentration
#        reading\EWARM\STM32L053R8-Nucleo\STM32L053R8_NUCLEO\Obj\stm32l0xx_hal.o"
#        "C:\Users\MariaCarmela\Desktop\X-CUBE-IKA02A1_V1.0.0\Projects\Multi\Examples\Gas
#        concentration
#        reading\EWARM\STM32L053R8-Nucleo\STM32L053R8_NUCLEO\Obj\stm32l0xx_hal_adc.o"
#        "C:\Users\MariaCarmela\Desktop\X-CUBE-IKA02A1_V1.0.0\Projects\Multi\Examples\Gas
#        concentration
#        reading\EWARM\STM32L053R8-Nucleo\STM32L053R8_NUCLEO\Obj\stm32l0xx_hal_adc_ex.o"
#        "C:\Users\MariaCarmela\Desktop\X-CUBE-IKA02A1_V1.0.0\Projects\Multi\Examples\Gas
#        concentration
#        reading\EWARM\STM32L053R8-Nucleo\STM32L053R8_NUCLEO\Obj\stm32l0xx_hal_cortex.o"
#        "C:\Users\MariaCarmela\Desktop\X-CUBE-IKA02A1_V1.0.0\Projects\Multi\Examples\Gas
#        concentration
#        reading\EWARM\STM32L053R8-Nucleo\STM32L053R8_NUCLEO\Obj\stm32l0xx_hal_dma.o"
#        "C:\Users\MariaCarmela\Desktop\X-CUBE-IKA02A1_V1.0.0\Projects\Multi\Examples\Gas
#        concentration
#        reading\EWARM\STM32L053R8-Nucleo\STM32L053R8_NUCLEO\Obj\stm32l0xx_hal_flash.o"
#        "C:\Users\MariaCarmela\Desktop\X-CUBE-IKA02A1_V1.0.0\Projects\Multi\Examples\Gas
#        concentration
#        reading\EWARM\STM32L053R8-Nucleo\STM32L053R8_NUCLEO\Obj\stm32l0xx_hal_flash_ex.o"
#        "C:\Users\MariaCarmela\Desktop\X-CUBE-IKA02A1_V1.0.0\Projects\Multi\Examples\Gas
#        concentration
#        reading\EWARM\STM32L053R8-Nucleo\STM32L053R8_NUCLEO\Obj\stm32l0xx_hal_gpio.o"
#        "C:\Users\MariaCarmela\Desktop\X-CUBE-IKA02A1_V1.0.0\Projects\Multi\Examples\Gas
#        concentration
#        reading\EWARM\STM32L053R8-Nucleo\STM32L053R8_NUCLEO\Obj\stm32l0xx_hal_pwr.o"
#        "C:\Users\MariaCarmela\Desktop\X-CUBE-IKA02A1_V1.0.0\Projects\Multi\Examples\Gas
#        concentration
#        reading\EWARM\STM32L053R8-Nucleo\STM32L053R8_NUCLEO\Obj\stm32l0xx_hal_pwr_ex.o"
#        "C:\Users\MariaCarmela\Desktop\X-CUBE-IKA02A1_V1.0.0\Projects\Multi\Examples\Gas
#        concentration
#        reading\EWARM\STM32L053R8-Nucleo\STM32L053R8_NUCLEO\Obj\stm32l0xx_hal_rcc.o"
#        "C:\Users\MariaCarmela\Desktop\X-CUBE-IKA02A1_V1.0.0\Projects\Multi\Examples\Gas
#        concentration
#        reading\EWARM\STM32L053R8-Nucleo\STM32L053R8_NUCLEO\Obj\stm32l0xx_hal_rcc_ex.o"
#        "C:\Users\MariaCarmela\Desktop\X-CUBE-IKA02A1_V1.0.0\Projects\Multi\Examples\Gas
#        concentration
#        reading\EWARM\STM32L053R8-Nucleo\STM32L053R8_NUCLEO\Obj\stm32l0xx_hal_spi.o"
#        "C:\Users\MariaCarmela\Desktop\X-CUBE-IKA02A1_V1.0.0\Projects\Multi\Examples\Gas
#        concentration
#        reading\EWARM\STM32L053R8-Nucleo\STM32L053R8_NUCLEO\Obj\stm32l0xx_hal_tim.o"
#        "C:\Users\MariaCarmela\Desktop\X-CUBE-IKA02A1_V1.0.0\Projects\Multi\Examples\Gas
#        concentration
#        reading\EWARM\STM32L053R8-Nucleo\STM32L053R8_NUCLEO\Obj\stm32l0xx_hal_tim_ex.o"
#        "C:\Users\MariaCarmela\Desktop\X-CUBE-IKA02A1_V1.0.0\Projects\Multi\Examples\Gas
#        concentration
#        reading\EWARM\STM32L053R8-Nucleo\STM32L053R8_NUCLEO\Obj\stm32l0xx_hal_uart.o"
#        "C:\Users\MariaCarmela\Desktop\X-CUBE-IKA02A1_V1.0.0\Projects\Multi\Examples\Gas
#        concentration
#        reading\EWARM\STM32L053R8-Nucleo\STM32L053R8_NUCLEO\Obj\stm32l0xx_hal_uart_ex.o"
#        "C:\Users\MariaCarmela\Desktop\X-CUBE-IKA02A1_V1.0.0\Projects\Multi\Examples\Gas
#        concentration
#        reading\EWARM\STM32L053R8-Nucleo\STM32L053R8_NUCLEO\Obj\stm32l0xx_nucleo.o"
#        "C:\Users\MariaCarmela\Desktop\X-CUBE-IKA02A1_V1.0.0\Projects\Multi\Examples\Gas
#        concentration
#        reading\EWARM\STM32L053R8-Nucleo\STM32L053R8_NUCLEO\Obj\stm32l0xx_nucleo_ika02a1.o"
#        "C:\Users\MariaCarmela\Desktop\X-CUBE-IKA02A1_V1.0.0\Projects\Multi\Examples\Gas
#        concentration
#        reading\EWARM\STM32L053R8-Nucleo\STM32L053R8_NUCLEO\Obj\stm32xx_it.o"
#        "C:\Users\MariaCarmela\Desktop\X-CUBE-IKA02A1_V1.0.0\Projects\Multi\Examples\Gas
#        concentration
#        reading\EWARM\STM32L053R8-Nucleo\STM32L053R8_NUCLEO\Obj\system_stm32l0xx.o"
#        "C:\Users\MariaCarmela\Desktop\X-CUBE-IKA02A1_V1.0.0\Projects\Multi\Examples\Gas
#        concentration
#        reading\EWARM\STM32L053R8-Nucleo\STM32L053R8_NUCLEO\Obj\x_nucleo_ika02a1.o"
#        --redirect _Printf=_PrintfFull --redirect _Scanf=_ScanfFull -o
#        "C:\Users\MariaCarmela\Desktop\X-CUBE-IKA02A1_V1.0.0\Projects\Multi\Examples\Gas
#        concentration
#        reading\EWARM\STM32L053R8-Nucleo\STM32L053R8_NUCLEO\Exe\ExampleOpAmpL0.out"
#        --map
#        "C:\Users\MariaCarmela\Desktop\X-CUBE-IKA02A1_V1.0.0\Projects\Multi\Examples\Gas
#        concentration
#        reading\EWARM\STM32L053R8-Nucleo\STM32L053R8_NUCLEO\List\ExampleOpAmpL0.map"
#        --config
#        "C:\Users\MariaCarmela\Desktop\X-CUBE-IKA02A1_V1.0.0\Projects\Multi\Examples\Gas
#        concentration reading\EWARM\STM32L053R8-Nucleo\stm32l053xx_flash.icf"
#        --semihosting --entry __iar_program_start --vfe --text_out locale)
#
###############################################################################

*******************************************************************************
*** RUNTIME MODEL ATTRIBUTES
***

CppFlavor       = *
__SystemLibrary = DLib
__dlib_version  = 6


*******************************************************************************
*** HEAP SELECTION
***

The basic heap was selected because some modules are built with
size limitations (and not runtime checking), and --advanced_heap
was not specified.


*******************************************************************************
*** PLACEMENT SUMMARY
***

"A0":  place at 0x08000000 { ro section .intvec };
"P1":  place in [from 0x08000000 to 0x0800ffff] { ro };
define block CSTACK with size = 1K, alignment = 8 { };
define block HEAP with size = 512, alignment = 8 { };
"P2":  place in [from 0x20000000 to 0x20001fff] {
          rw, block CSTACK, block HEAP };
initialize by copy { rw };

  Section            Kind        Address    Size  Object
  -------            ----        -------    ----  ------
"A0":                                       0xc0
  .intvec            ro code  0x08000000    0xc0  startup_stm32l053xx.o [1]
                            - 0x080000c0    0xc0

"P1":                                     0x65d8
  .text              ro code  0x080000c0   0xffa  xprintffull.o [3]
  .text              ro code  0x080010ba     0xa  xsprout.o [3]
  .text              ro code  0x080010c4    0x88  xlocale_c.o [3]
  .text              ro code  0x0800114c    0x16  strchr.o [5]
  .rodata            const    0x08001162     0x2  stm32l0xx_nucleo.o [1]
  .text              ro code  0x08001164    0x48  xfail_s.o [3]
  .text              ro code  0x080011ac    0x10  strlen.o [5]
  .text              ro code  0x080011bc    0x18  memchr.o [5]
  .text              ro code  0x080011d4     0xa  xmbcurmax.o [3]
  .text              ro code  0x080011de     0x2  startup_stm32l053xx.o [1]
  .text              ro code  0x080011e0    0x5c  ABImemcpy.o [5]
  .text              ro code  0x0800123c    0x6a  I64DivMod.o [5]
  .text              ro code  0x080012a6   0x184  DblMul.o [4]
  .text              ro code  0x0800142a    0x32  DblCmpLe.o [4]
  .text              ro code  0x0800145c    0x32  DblCmpGe.o [4]
  .text              ro code  0x0800148e     0x2  startup_stm32l053xx.o [1]
  .text              ro code  0x08001490    0x52  DblToI32.o [4]
  .text              ro code  0x080014e2     0x2  startup_stm32l053xx.o [1]
  .text              ro code  0x080014e4    0x34  IxxToDbl.o [4]
  .text              ro code  0x08001518   0x1b4  DblAddSub.o [4]
  .text              ro code  0x080016cc    0xe0  I32DivModFast.o [5]
  .text              ro code  0x080017ac    0xc2  DblDiv.o [4]
  .text              ro code  0x0800186e     0xa  abort.o [3]
  .text              ro code  0x08001878     0x2  I64DivZer.o [5]
  .text              ro code  0x0800187a     0x2  startup_stm32l053xx.o [1]
  .text              ro code  0x0800187c     0x2  IntDivZer.o [5]
  .text              ro code  0x0800187e     0x2  startup_stm32l053xx.o [1]
  .text              ro code  0x08001880    0x14  exit.o [6]
  .text              ro code  0x08001894   0xba0  main.o [1]
  .text              ro code  0x08002434    0x2e  stm32l0xx_hal.o [1]
  .text              ro code  0x08002462     0x2  startup_stm32l053xx.o [1]
  .text              ro code  0x08002464    0xa0  cube_hal_l0.o [1]
  .text              ro code  0x08002504   0x17c  system_stm32l0xx.o [1]
  .text              ro code  0x08002680    0xf8  cube_hal.o [1]
  .text              ro code  0x08002778   0xaaa  stm32l0xx_hal_uart.o [1]
  .text              ro code  0x08003222     0x2  startup_stm32l053xx.o [1]
  .text              ro code  0x08003224    0xc4  stm32l0xx_nucleo.o [1]
  .text              ro code  0x080032e8    0x36  IxxToFlt.o [4]
  .text              ro code  0x0800331e    0xaa  FltDiv.o [4]
  .text              ro code  0x080033c8    0x32  FltToDbl.o [4]
  .text              ro code  0x080033fa     0x2  startup_stm32l053xx.o [1]
  .text              ro code  0x080033fc    0x40  sprintf.o [3]
  .text              ro code  0x0800343c    0xf4  x_nucleo_ika02a1.o [1]
  .text              ro code  0x08003530   0x14c  round64.o [4]
  .text              ro code  0x0800367c    0x18  stm32l0xx_hal.o [1]
  .rodata            const    0x08003694    0x3c  main.o [1]
  .text              ro code  0x080036d0   0xb78  pow64.o [4]
  .text              ro code  0x08004248   0x208  stm32l0xx_hal_flash.o [1]
  .text              ro code  0x08004450    0xa0  stm32l0xx_hal_flash_ex.o [1]
  .text              ro code  0x080044f0   0x27c  stm32l0xx_nucleo_ika02a1.o [1]
  .text              ro code  0x0800476c    0x28  FltCmpGe.o [4]
  .text              ro code  0x08004794    0x26  FltCmpLe.o [4]
  .text              ro code  0x080047ba     0x2  startup_stm32l053xx.o [1]
  .text              ro code  0x080047bc     0xc  stm32l0xx_hal.o [1]
  .text              ro code  0x080047c8   0x228  stm32l0xx_hal_gpio.o [1]
  .text              ro code  0x080049f0    0x24  stm32l0xx_hal.o [1]
  .text              ro code  0x08004a14   0x89c  stm32l0xx_hal_rcc.o [1]
  .text              ro code  0x080052b0   0x140  stm32l0xx_hal_cortex.o [1]
  .text              ro code  0x080053f0     0x2  stm32l0xx_hal_uart.o [1]
  .text              ro code  0x080053f2     0x2  stm32l0xx_hal_uart.o [1]
  .text              ro code  0x080053f4     0x2  stm32l0xx_hal_uart_ex.o [1]
  .text              ro code  0x080053f6     0x2  stm32l0xx_hal_uart.o [1]
  .text              ro code  0x080053f8   0x120  FltAddSub.o [4]
  .text              ro code  0x08005518    0xb0  FltMul.o [4]
  .text              ro code  0x080055c8    0xc0  sqrt.o [4]
  .text              ro code  0x08005688    0x62  DblToFlt.o [4]
  .text              ro code  0x080056ea    0x24  DblCmpEq.o [4]
  .text              ro code  0x0800570e     0x2  startup_stm32l053xx.o [1]
  .text              ro code  0x08005710   0x3bc  iar_Exp64.o [4]
  .text              ro code  0x08005acc   0x42e  stm32l0xx_hal_adc.o [1]
  .text              ro code  0x08005efa     0x2  startup_stm32l053xx.o [1]
  .text              ro code  0x08005efc    0xac  stm32l0xx_hal_adc_ex.o [1]
  .rodata            const    0x08005fa8    0xf4  x_nucleo_ika02a1.o [1]
  .rodata            const    0x0800609c    0x84  main.o [1]
  .text              ro code  0x08006120    0x80  lz77_init_single.o [5]
  .rodata            const    0x080061a0    0x40  main.o [1]
  .text              ro code  0x080061e0    0x3c  zero_init3.o [5]
  .rodata            const    0x0800621c    0x38  main.o [1]
  .rodata            const    0x08006254    0x30  main.o [1]
  .rodata            const    0x08006284    0x30  main.o [1]
  .rodata            const    0x080062b4    0x2c  main.o [1]
  .rodata            const    0x080062e0    0x28  main.o [1]
  .rodata            const    0x08006308    0x28  main.o [1]
  .text              ro code  0x08006330    0x28  data_init.o [5]
  .iar.init_table    const    0x08006358    0x20  - Linker created -
  .rodata            const    0x08006378    0x20  main.o [1]
  .rodata            const    0x08006398    0x20  main.o [1]
  .rodata            const    0x080063b8    0x20  main.o [1]
  .rodata            const    0x080063d8    0x20  main.o [1]
  .rodata            const    0x080063f8    0x20  main.o [1]
  .rodata            const    0x08006418    0x20  main.o [1]
  .text              ro code  0x08006438    0x20  stm32xx_it.o [1]
  .text              ro code  0x08006458    0x10  stm32l0xx_hal.o [1]
  .text              ro code  0x08006468    0x1e  cmain.o [5]
  .text              ro code  0x08006486     0x4  low_level_init.o [3]
  .text              ro code  0x0800648a     0x8  exit.o [3]
  .text              ro code  0x08006492     0x2  startup_stm32l053xx.o [1]
  .text              ro code  0x08006494     0xa  cexit.o [5]
  .text              ro code  0x0800649e     0x2  startup_stm32l053xx.o [1]
  .rodata            const    0x080064a0    0x1c  main.o [1]
  .rodata            const    0x080064bc    0x1c  main.o [1]
  .rodata            const    0x080064d8    0x1c  main.o [1]
  .rodata            const    0x080064f4    0x1c  main.o [1]
  .rodata            const    0x08006510    0x1c  main.o [1]
  .text              ro code  0x0800652c    0x1c  xencoding_8859_1.o [3]
  .rodata            const    0x08006548    0x18  main.o [1]
  .rodata            const    0x08006560    0x18  main.o [1]
  .rodata            const    0x08006578    0x18  main.o [1]
  .rodata            const    0x08006590    0x18  main.o [1]
  .rodata            const    0x080065a8    0x10  stm32l0xx_hal_rcc.o [1]
  .rodata            const    0x080065b8    0x10  system_stm32l0xx.o [1]
  .rodata            const    0x080065c8    0x10  xprintffull.o [3]
  .text              ro code  0x080065d8    0x10  startup_stm32l053xx.o [1]
  .rodata            const    0x080065e8     0xc  system_stm32l0xx.o [1]
  .text              ro code  0x080065f4     0xc  cstartup_M.o [5]
  .rodata            const    0x08006600     0x8  main.o [1]
  .rodata            const    0x08006608     0x6  xlocale_c.o [3]
  .text              ro code  0x0800660e     0x2  startup_stm32l053xx.o [1]
  .text              ro code  0x08006610     0x2  startup_stm32l053xx.o [1]
  .text              ro code  0x08006612     0x2  startup_stm32l053xx.o [1]
  .text              ro code  0x08006614     0x2  startup_stm32l053xx.o [1]
  .text              ro code  0x08006616     0x2  startup_stm32l053xx.o [1]
  .text              ro code  0x08006618     0x2  startup_stm32l053xx.o [1]
  .text              ro code  0x0800661a     0x2  startup_stm32l053xx.o [1]
  .text              ro code  0x0800661c     0x2  startup_stm32l053xx.o [1]
  .text              ro code  0x0800661e     0x2  startup_stm32l053xx.o [1]
  .text              ro code  0x08006620     0x2  startup_stm32l053xx.o [1]
  .text              ro code  0x08006622     0x2  startup_stm32l053xx.o [1]
  .text              ro code  0x08006624     0x2  startup_stm32l053xx.o [1]
  .text              ro code  0x08006626     0x2  startup_stm32l053xx.o [1]
  .rodata            const    0x08006628     0x0  zero_init3.o [5]
  .rodata            const    0x08006628     0x0  lz77_init_single.o [5]
  Initializer bytes  const    0x08006628    0x70  <for P2-1>
                            - 0x08006698  0x65d8

"P2", part 1 of 3:                         0x10d
  P2-1                        0x20000000   0x10d  <Init block>
    .data            inited   0x20000000     0x4  cube_hal.o [1]
    .data            inited   0x20000004     0xc  main.o [1]
    .data            inited   0x20000010    0x18  main.o [1]
    .data            inited   0x20000028     0x4  main.o [1]
    .data            inited   0x2000002c     0x4  main.o [1]
    .data            inited   0x20000030     0x4  stm32l0xx_nucleo.o [1]
    .data            inited   0x20000034     0xc  stm32l0xx_nucleo_ika02a1.o [1]
    .data            inited   0x20000040    0x18  stm32l0xx_nucleo_ika02a1.o [1]
    .data            inited   0x20000058    0x18  stm32l0xx_nucleo_ika02a1.o [1]
    .data            inited   0x20000070    0x18  stm32l0xx_nucleo_ika02a1.o [1]
    .data            inited   0x20000088     0x4  system_stm32l0xx.o [1]
    .data            inited   0x2000008c    0x38  xlocale_c.o [3]
    .data            inited   0x200000c4    0x48  xlocale_c.o [3]
    .data            inited   0x2000010c     0x1  stm32l0xx_nucleo_ika02a1.o [1]
                            - 0x2000010d   0x10d

"P2", part 2 of 3:                         0x228
  .bss               zero     0x20000110   0x100  main.o [1]
  .bss               zero     0x20000210    0x70  cube_hal.o [1]
  .bss               zero     0x20000280    0x60  stm32l0xx_nucleo_ika02a1.o [1]
  .bss               zero     0x200002e0    0x18  stm32l0xx_hal_flash.o [1]
  .bss               zero     0x200002f8    0x14  stm32l0xx_nucleo_ika02a1.o [1]
  .bss               zero     0x2000030c    0x10  main.o [1]
  .bss               zero     0x2000031c     0x4  main.o [1]
  .bss               zero     0x20000320     0x4  main.o [1]
  .bss               zero     0x20000324     0x4  main.o [1]
  .bss               zero     0x20000328     0x4  stm32l0xx_hal.o [1]
  .bss               zero     0x2000032c     0x4  xfail_s.o [3]
  .bss               zero     0x20000330     0x2  stm32l0xx_nucleo_ika02a1.o [1]
  .bss               zero     0x20000332     0x1  main.o [1]
  .bss               zero     0x20000333     0x1  main.o [1]
  .bss               zero     0x20000334     0x1  main.o [1]
                            - 0x20000335   0x225

"P2", part 3 of 3:                         0x400
  CSTACK                      0x20000338   0x400  <Block>
    CSTACK           uninit   0x20000338   0x400  <Block tail>
                            - 0x20000738   0x400


*******************************************************************************
*** INIT TABLE
***

          Address     Size
          -------     ----
Zero (__iar_zero_init3)
    1 destination range, total size 0x225:
          0x20000110  0x225

Copy/lz77 (__iar_lz77_init_single3)
    1 source range, total size 0x70 (41% of destination):
          0x08006628   0x70
    1 destination range, total size 0x10d:
          0x20000000  0x10d



*******************************************************************************
*** MODULE SUMMARY
***

    Module                      ro code  ro data  rw data
    ------                      -------  -------  -------
C:\Users\MariaCarmela\Desktop\X-CUBE-IKA02A1_V1.0.0\Projects\Multi\Examples\Gas concentration reading\EWARM\STM32L053R8-Nucleo\STM32L053R8_NUCLEO\Obj: [1]
    cube_hal.o                      248        1      116
    cube_hal_l0.o                   160
    main.o                        2 976      986      331
    startup_stm32l053xx.o           260
    stm32l0xx_hal.o                 134                 4
    stm32l0xx_hal_adc.o           1 070
    stm32l0xx_hal_adc_ex.o          172
    stm32l0xx_hal_cortex.o          320
    stm32l0xx_hal_flash.o           520                24
    stm32l0xx_hal_flash_ex.o        160
    stm32l0xx_hal_gpio.o            552
    stm32l0xx_hal_rcc.o           2 204       16
    stm32l0xx_hal_uart.o          2 736
    stm32l0xx_hal_uart_ex.o           2
    stm32l0xx_nucleo.o              196        4        4
    stm32l0xx_nucleo_ika02a1.o      636       36      203
    stm32xx_it.o                     32
    system_stm32l0xx.o              380       30        4
    x_nucleo_ika02a1.o              244      244
    -----------------------------------------------------
    Total:                       13 002    1 317      686

command line: [2]
    -----------------------------------------------------
    Total:

dl6M_tlf.a: [3]
    abort.o                          10
    exit.o                            8
    low_level_init.o                  4
    sprintf.o                        64
    xencoding_8859_1.o               28
    xfail_s.o                        72                 4
    xlocale_c.o                     136       59      128
    xmbcurmax.o                      10
    xprintffull.o                 4 090       16
    xsprout.o                        10
    -----------------------------------------------------
    Total:                        4 432       75      132

m6M_tl.a: [4]
    DblAddSub.o                     436
    DblCmpEq.o                       36
    DblCmpGe.o                       50
    DblCmpLe.o                       50
    DblDiv.o                        194
    DblMul.o                        388
    DblToFlt.o                       98
    DblToI32.o                       82
    FltAddSub.o                     288
    FltCmpGe.o                       40
    FltCmpLe.o                       38
    FltDiv.o                        170
    FltMul.o                        176
    FltToDbl.o                       50
    IxxToDbl.o                       52
    IxxToFlt.o                       54
    iar_Exp64.o                     956
    pow64.o                       2 936
    round64.o                       332
    sqrt.o                          192
    -----------------------------------------------------
    Total:                        6 618

rt6M_tl.a: [5]
    ABImemcpy.o                      92
    I32DivModFast.o                 224
    I64DivMod.o                     106
    I64DivZer.o                       2
    IntDivZer.o                       2
    cexit.o                          10
    cmain.o                          30
    cstartup_M.o                     12
    data_init.o                      40
    lz77_init_single.o              128
    memchr.o                         24
    strchr.o                         22
    strlen.o                         16
    zero_init3.o                     60
    -----------------------------------------------------
    Total:                          768

shb_l.a: [6]
    exit.o                           20
    -----------------------------------------------------
    Total:                           20

    Linker created                            32    1 024
---------------------------------------------------------
    Grand Total:                 24 840    1 424    1 842


*******************************************************************************
*** ENTRY LIST
***

Entry                      Address   Size  Type      Object
-----                      -------   ----  ----      ------
.iar.init_table$$Base   0x08006358          --   Gb  - Linker created -
.iar.init_table$$Limit  0x08006378          --   Gb  - Linker created -
?main                   0x08006469         Code  Gb  cmain.o [5]
ADC_DelayMicroSecond    0x08005ec7   0x22  Code  Lc  stm32l0xx_hal_adc.o [1]
ADC_Enable              0x08005e3f   0x86  Code  Lc  stm32l0xx_hal_adc.o [1]
ADCx_Init_Analog        0x080046d1   0x72  Code  Lc  stm32l0xx_nucleo_ika02a1.o [1]
ADCx_MspInit_Analog     0x0800456b  0x166  Code  Lc  stm32l0xx_nucleo_ika02a1.o [1]
AHBPrescTable           0x080065b8   0x10  Data  Gb  system_stm32l0xx.o [1]
APBAHBPrescTable        0x080065a8   0x10  Data  Lc  stm32l0xx_hal_rcc.o [1]
BSP_LED_Init            0x08003225   0x6e  Code  Gb  stm32l0xx_nucleo.o [1]
BSP_LED_Off             0x080032b7   0x24  Code  Gb  stm32l0xx_nucleo.o [1]
BSP_LED_On              0x08003293   0x24  Code  Gb  stm32l0xx_nucleo.o [1]
CSTACK$$Base            0x20000338          --   Gb  - Linker created -
CSTACK$$Limit           0x20000738          --   Gb  - Linker created -
CacheMore               0x080010c9   0x28  Code  Lc  xlocale_c.o [3]
Error_Handler           0x08002681    0x4  Code  Gb  cube_hal.o [1]
FLASH_ErasePage         0x080043f9   0x26  Code  Gb  stm32l0xx_hal_flash.o [1]
FLASH_Program_Word      0x0800441f    0xa  Code  Lc  stm32l0xx_hal_flash.o [1]
FLASH_SetErrorCode      0x08004361   0x96  Code  Lc  stm32l0xx_hal_flash.o [1]
FLASH_WaitForLastOperation
                        0x080042d9   0x7e  Code  Gb  stm32l0xx_hal_flash.o [1]
FlashStoreDialogGain    0x08001d05  0x248  Code  Gb  main.o [1]
FlashStoreDialogSens    0x08001a65  0x254  Code  Gb  main.o [1]
GPIO_InitStruct         0x200002f8   0x14  Data  Gb  stm32l0xx_nucleo_ika02a1.o [1]
Get_ADC_value           0x080044f1   0x30  Code  Gb  stm32l0xx_nucleo_ika02a1.o [1]
Get_Gas_concentration   0x0800343d   0x3a  Code  Gb  x_nucleo_ika02a1.o [1]
Get_Gpio_Analog_Value   0x08004521   0x4a  Code  Gb  stm32l0xx_nucleo_ika02a1.o [1]
Get_Temperature         0x08003477   0x54  Code  Gb  x_nucleo_ika02a1.o [1]
Get_comp_gas_concentration
                        0x080034cb   0x32  Code  Gb  x_nucleo_ika02a1.o [1]
HAL_ADCEx_Calibration_Start
                        0x08005efd   0xa8  Code  Gb  stm32l0xx_hal_adc_ex.o [1]
HAL_ADC_GetState        0x08005e3b    0x4  Code  Gb  stm32l0xx_hal_adc.o [1]
HAL_ADC_GetValue        0x08005e35    0x6  Code  Gb  stm32l0xx_hal_adc.o [1]
HAL_ADC_Init            0x08005acd  0x20c  Code  Gb  stm32l0xx_hal_adc.o [1]
HAL_ADC_PollForConversion
                        0x08005d5d   0xcc  Code  Gb  stm32l0xx_hal_adc.o [1]
HAL_ADC_Start           0x08005cd9   0x6c  Code  Gb  stm32l0xx_hal_adc.o [1]
HAL_Delay               0x0800367d   0x18  Code  Wk  stm32l0xx_hal.o [1]
HAL_FLASHEx_Erase       0x08004451   0x8e  Code  Gb  stm32l0xx_hal_flash_ex.o [1]
HAL_FLASH_Lock          0x080042c1   0x10  Code  Gb  stm32l0xx_hal_flash.o [1]
HAL_FLASH_Program       0x08004249   0x46  Code  Gb  stm32l0xx_hal_flash.o [1]
HAL_FLASH_Unlock        0x0800428f   0x32  Code  Gb  stm32l0xx_hal_flash.o [1]
HAL_GPIO_Init           0x080047c9  0x1e6  Code  Gb  stm32l0xx_hal_gpio.o [1]
HAL_GPIO_WritePin       0x080049af   0x1a  Code  Gb  stm32l0xx_hal_gpio.o [1]
HAL_GetTick             0x080047bd    0xc  Code  Wk  stm32l0xx_hal.o [1]
HAL_IncTick             0x08006459   0x10  Code  Wk  stm32l0xx_hal.o [1]
HAL_Init                0x08002435   0x28  Code  Gb  stm32l0xx_hal.o [1]
HAL_InitTick            0x080049f1   0x24  Code  Wk  stm32l0xx_hal.o [1]
HAL_NVIC_EnableIRQ      0x0800539d    0xe  Code  Gb  stm32l0xx_hal_cortex.o [1]
HAL_NVIC_SetPriority    0x08005389   0x14  Code  Gb  stm32l0xx_hal_cortex.o [1]
HAL_RCC_ClockConfig     0x08004fc1  0x192  Code  Gb  stm32l0xx_hal_rcc.o [1]
HAL_RCC_GetHCLKFreq     0x08005235   0x20  Code  Gb  stm32l0xx_hal_rcc.o [1]
HAL_RCC_GetPCLK1Freq    0x08005255   0x18  Code  Gb  stm32l0xx_hal_rcc.o [1]
HAL_RCC_GetPCLK2Freq    0x0800526d   0x18  Code  Gb  stm32l0xx_hal_rcc.o [1]
HAL_RCC_GetSysClockFreq
                        0x0800516d   0xc4  Code  Gb  stm32l0xx_hal_rcc.o [1]
HAL_RCC_OscConfig       0x08004a15  0x582  Code  Gb  stm32l0xx_hal_rcc.o [1]
HAL_SYSTICK_CLKSourceConfig
                        0x080053b7   0x22  Code  Gb  stm32l0xx_hal_cortex.o [1]
HAL_SYSTICK_Config      0x080053ab    0xc  Code  Gb  stm32l0xx_hal_cortex.o [1]
HAL_UARTEx_WakeupCallback
                        0x080053f5    0x2  Code  Wk  stm32l0xx_hal_uart_ex.o [1]
HAL_UART_DeInit         0x080027f5   0x4a  Code  Gb  stm32l0xx_hal_uart.o [1]
HAL_UART_IRQHandler     0x08002a15  0x108  Code  Gb  stm32l0xx_hal_uart.o [1]
HAL_UART_Init           0x08002779   0x76  Code  Gb  stm32l0xx_hal_uart.o [1]
HAL_UART_Receive_IT     0x08002927   0xe8  Code  Gb  stm32l0xx_hal_uart.o [1]
HAL_UART_RxCpltCallback
                        0x08002321   0x1e  Code  Gb  main.o [1]
HAL_UART_Transmit       0x0800283f   0xe8  Code  Gb  stm32l0xx_hal_uart.o [1]
HardFault_Handler       0x0800643b    0x4  Code  Gb  stm32xx_it.o [1]
LED_PIN                 0x08001162    0x2  Data  Gb  stm32l0xx_nucleo.o [1]
LED_PORT                0x20000030    0x4  Data  Gb  stm32l0xx_nucleo.o [1]
LoadInt                 0x080002ad   0x74  Code  Lc  xprintffull.o [3]
Message                 0x20000334    0x1  Data  Gb  main.o [1]
NMI_Handler             0x08006439    0x2  Code  Gb  stm32xx_it.o [1]
NUCLEO_ANALOG_ADC       0x20000070   0x18  Data  Lc  stm32l0xx_nucleo_ika02a1.o [1]
NUCLEO_ANALOG_ADC_CHANNEL
                        0x20000058   0x18  Data  Lc  stm32l0xx_nucleo_ika02a1.o [1]
NUCLEO_ANALOG_GPIO      0x20000010   0x18  Data  Lc  main.o [1]
NUCLEO_ANALOG_GPIO      0x20000040   0x18  Data  Lc  stm32l0xx_nucleo_ika02a1.o [1]
NUCLEO_ANALOG_PIN       0x20000004    0xc  Data  Lc  main.o [1]
NUCLEO_ANALOG_PIN       0x20000034    0xc  Data  Lc  stm32l0xx_nucleo_ika02a1.o [1]
PLLMulTable             0x080065e8    0xc  Data  Gb  system_stm32l0xx.o [1]
PendSV_Handler          0x08006441    0x2  Code  Gb  stm32xx_it.o [1]
ProcFlash               0x200002e0   0x18  Data  Gb  stm32l0xx_hal_flash.o [1]
Region$$Table$$Base     0x08006358          --   Gb  - Linker created -
Region$$Table$$Limit    0x08006378          --   Gb  - Linker created -
SVC_Handler             0x0800643f    0x2  Code  Gb  stm32xx_it.o [1]
SysTick_Config          0x08005357   0x32  Code  Lc  stm32l0xx_hal_cortex.o [1]
SysTick_Handler         0x08006443    0x8  Code  Gb  stm32xx_it.o [1]
SystemClock_Config      0x08002465   0xa0  Code  Gb  cube_hal_l0.o [1]
SystemCoreClock         0x20000088    0x4  Data  Gb  system_stm32l0xx.o [1]
SystemCoreClockUpdate   0x0800255f   0xe4  Code  Gb  system_stm32l0xx.o [1]
SystemInit              0x08002505   0x5a  Code  Gb  system_stm32l0xx.o [1]
TEMP_COMPENSATION       0x08005fa8   0xf4  Data  Lc  x_nucleo_ika02a1.o [1]
TestDialog              0x08001f99  0x374  Code  Gb  main.o [1]
Test_Pin_HiZ            0x080023a1   0x4c  Code  Gb  main.o [1]
Test_Pin_Init           0x0800234d   0x4c  Code  Gb  main.o [1]
UART_AdvFeatureConfig   0x0800301d   0xde  Code  Gb  stm32l0xx_hal_uart.o [1]
UART_CheckIdleState     0x08002fb9   0x54  Code  Gb  stm32l0xx_hal_uart.o [1]
UART_EndTransmit_IT     0x08002b99   0x30  Code  Lc  stm32l0xx_hal_uart.o [1]
UART_Receive_IT         0x08002bc9   0xb2  Code  Lc  stm32l0xx_hal_uart.o [1]
UART_SetConfig          0x08002c81  0x328  Code  Gb  stm32l0xx_hal_uart.o [1]
UART_Transmit_IT        0x08002b1d   0x7c  Code  Lc  stm32l0xx_hal_uart.o [1]
UART_WaitOnFlagUntilTimeout
                        0x0800310d   0xde  Code  Gb  stm32l0xx_hal_uart.o [1]
USART2_IRQHandler       0x0800644b    0xa  Code  Gb  stm32xx_it.o [1]
USARTConfig             0x08002685   0xda  Code  Gb  cube_hal.o [1]
UartHandle              0x20000210   0x70  Data  Gb  cube_hal.o [1]
UartReady               0x20000333    0x1  Data  Gb  main.o [1]
Usart_BaudRate          0x20000000    0x4  Data  Gb  cube_hal.o [1]
_Encoding_8859_1_Mbrlen
                        0x0800653d    0x2  Code  Gb  xencoding_8859_1.o [3]
_Encoding_8859_1_Wctomb
                        0x0800652d   0x10  Code  Gb  xencoding_8859_1.o [3]
_GenldFull              0x08000e09  0x27c  Code  Lc  xprintffull.o [3]
_LdtobFull              0x08000991  0x462  Code  Lc  xprintffull.o [3]
_LitobFull              0x08000821  0x11a  Code  Lc  xprintffull.o [3]
_Locale_lconv           0x2000008c   0x38  Data  Lc  xlocale_c.o [3]
_PrintfFull             0x080000c1  0x1d6  Code  Gb  xprintffull.o [3]
_PutcharsFull           0x08001085   0x32  Code  Lc  xprintffull.o [3]
_PutfldFull             0x08000321  0x2cc  Code  Lc  xprintffull.o [3]
_PutstrFull             0x08000759   0xbe  Code  Lc  xprintffull.o [3]
_PuttxtFull             0x08000655  0x102  Code  Lc  xprintffull.o [3]
_SProut                 0x080010bb    0xa  Code  Gb  xsprout.o [3]
__NVIC_EnableIRQ        0x080052b1   0x18  Code  Lc  stm32l0xx_hal_cortex.o [1]
__NVIC_SetPriority      0x080052c9   0x8e  Code  Lc  stm32l0xx_hal_cortex.o [1]
__aeabi_cdcmpeq         0x080056eb         Code  Gb  DblCmpEq.o [4]
__aeabi_cdcmple         0x0800142b         Code  Gb  DblCmpLe.o [4]
__aeabi_cdrcmple        0x0800145d         Code  Gb  DblCmpGe.o [4]
__aeabi_cfcmple         0x08004795         Code  Gb  FltCmpLe.o [4]
__aeabi_cfrcmple        0x0800476d         Code  Gb  FltCmpGe.o [4]
__aeabi_d2f             0x08005689         Code  Gb  DblToFlt.o [4]
__aeabi_d2iz            0x08001491         Code  Gb  DblToI32.o [4]
__aeabi_d2uiz           0x080014b5         Code  Gb  DblToI32.o [4]
__aeabi_dadd            0x08001519         Code  Gb  DblAddSub.o [4]
__aeabi_ddiv            0x080017ad         Code  Gb  DblDiv.o [4]
__aeabi_dmul            0x080012a7         Code  Gb  DblMul.o [4]
__aeabi_dsub            0x080015df         Code  Gb  DblAddSub.o [4]
__aeabi_f2d             0x080033c9         Code  Gb  FltToDbl.o [4]
__aeabi_fadd            0x080053f9         Code  Gb  FltAddSub.o [4]
__aeabi_fdiv            0x0800331f         Code  Gb  FltDiv.o [4]
__aeabi_fmul            0x08005519         Code  Gb  FltMul.o [4]
__aeabi_fsub            0x08005469         Code  Gb  FltAddSub.o [4]
__aeabi_i2d             0x08001505         Code  Gb  IxxToDbl.o [4]
__aeabi_i2f             0x08003309         Code  Gb  IxxToFlt.o [4]
__aeabi_idiv            0x080016f9         Code  Gb  I32DivModFast.o [5]
__aeabi_idiv0           0x0800187d         Code  Gb  IntDivZer.o [5]
__aeabi_idivmod         0x080016f9         Code  Gb  I32DivModFast.o [5]
__aeabi_ldiv0           0x08001879         Code  Gb  I64DivZer.o [5]
__aeabi_memcpy          0x080011e1         Code  Gb  ABImemcpy.o [5]
__aeabi_ui2d            0x080014e5         Code  Gb  IxxToDbl.o [4]
__aeabi_ui2f            0x080032e9         Code  Gb  IxxToFlt.o [4]
__aeabi_uidiv           0x080016ff         Code  Gb  I32DivModFast.o [5]
__aeabi_uidivmod        0x080016ff         Code  Gb  I32DivModFast.o [5]
__aeabi_uldivmod        0x0800123d         Code  Gb  I64DivMod.o [5]
__cmain                 0x08006469         Code  Gb  cmain.o [5]
__exit                  0x08001881   0x14  Code  Gb  exit.o [6]
__iar_Exp64             0x08005711  0x3bc  Code  Gb  iar_Exp64.o [4]
__iar_Fail_s            0x08001165   0x22  Code  Gb  xfail_s.o [3]
__iar_Mbcurmax          0x080011d5    0xa  Code  Gb  xmbcurmax.o [3]
__iar_Pow64             0x080036d1  0x6cc  Code  Lc  pow64.o [4]
__iar_d2uiz             0x080014b9         Code  Gb  DblToI32.o [4]
__iar_data_init3        0x08006331   0x28  Code  Gb  data_init.o [5]
__iar_globLocale        0x200000c4   0x48  Data  Lc  xlocale_c.o [3]
__iar_global_Locale     0x080010c5    0x4  Code  Gb  xlocale_c.o [3]
__iar_has_fraction64    0x08003531   0x80  Code  Lc  round64.o [4]
__iar_lz77_init_single3
                        0x08006121   0x80  Code  Gb  lz77_init_single.o [5]
__iar_pow64             0x08003e19    0xc  Code  Gb  pow64.o [4]
__iar_pow_medium        0x08003e19    0xc  Code  Gb  pow64.o [4]
__iar_pow_medium64      0x08003e19    0xc  Code  Gb  pow64.o [4]
__iar_pow_mediuml       0x08003e19    0xc  Code  Gb  pow64.o [4]
__iar_program_start     0x080065f5         Code  Gb  cstartup_M.o [5]
__iar_round64           0x080035b1   0xbc  Code  Gb  round64.o [4]
__iar_sqrt64            0x080055c9         Code  Gb  sqrt.o [4]
__iar_systems$$module {Abs}
                        0x00000001         Data  Gb  command line/config [2]
__iar_zero_init3        0x080061e1   0x3c  Code  Gb  zero_init3.o [5]
__low_level_init        0x08006487    0x4  Code  Gb  low_level_init.o [3]
__vector_table          0x08000000         Data  Gb  startup_stm32l053xx.o [1]
_call_main              0x08006475         Code  Gb  cmain.o [5]
_exit                   0x08006495         Code  Gb  cexit.o [5]
_gLocale_mblen          0x0800112d    0xa  Code  Gb  xlocale_c.o [3]
_gLocale_mblenInt       0x080010f1   0x34  Code  Gb  xlocale_c.o [3]
_gLocale_wctomb         0x08001137    0xa  Code  Gb  xlocale_c.o [3]
_gLocale_wctombInt      0x08001125    0x8  Code  Gb  xlocale_c.o [3]
_main                   0x08006483         Code  Gb  cmain.o [5]
abort                   0x0800186f    0xa  Code  Gb  abort.o [3]
exit                    0x0800648b    0x8  Code  Gb  exit.o [3]
gas_value_ppm           0x2000031c    0x4  Data  Gb  main.o [1]
gas_value_ppm_comp      0x20000320    0x4  Data  Gb  main.o [1]
hnucleo_adc             0x20000280   0x60  Data  Gb  stm32l0xx_nucleo_ika02a1.o [1]
i                       0x20000332    0x1  Data  Gb  main.o [1]
lnbias                  0x08003e28  0x420  Data  Lc  pow64.o [4]
localeconv              0x08001141    0x4  Code  Gb  xlocale_c.o [3]
main                    0x08001895  0x1b0  Code  Gb  main.o [1]
memchr                  0x080011bd   0x18  Code  Gb  memchr.o [5]
pGain                   0x2000002c    0x4  Data  Gb  main.o [1]
pSens                   0x20000028    0x4  Data  Gb  main.o [1]
pow                     0x08003e19    0xc  Code  Gb  pow64.o [4]
powl                    0x08003e19    0xc  Code  Gb  pow64.o [4]
round                   0x080035b1   0xbc  Code  Gb  round64.o [4]
roundl                  0x080035b1   0xbc  Code  Gb  round64.o [4]
scale                   0x0800093b   0x48  Code  Lc  xprintffull.o [3]
sec_hand                0x2000032c    0x4  Data  Lc  xfail_s.o [3]
sprintf                 0x080033fd   0x40  Code  Gb  sprintf.o [3]
sqrt                    0x080055c9         Code  Gb  sqrt.o [4]
sqrtl                   0x080055c9         Code  Gb  sqrt.o [4]
status                  0x2000010c    0x1  Data  Gb  stm32l0xx_nucleo_ika02a1.o [1]
strchr                  0x0800114d    0x2  Code  Gb  strchr.o [5]
strlen                  0x080011ad   0x10  Code  Gb  strlen.o [5]
temperature             0x20000324    0x4  Data  Gb  main.o [1]
uartInBuffer            0x2000030c   0x10  Data  Gb  main.o [1]
uartOutBuffer           0x20000110  0x100  Data  Gb  main.o [1]
uwTick                  0x20000328    0x4  Data  Lc  stm32l0xx_hal.o [1]
value                   0x20000330    0x2  Data  Gb  stm32l0xx_nucleo_ika02a1.o [1]


[1] = C:\Users\MariaCarmela\Desktop\X-CUBE-IKA02A1_V1.0.0\Projects\Multi\Examples\Gas concentration reading\EWARM\STM32L053R8-Nucleo\STM32L053R8_NUCLEO\Obj
[2] = command line
[3] = dl6M_tlf.a
[4] = m6M_tl.a
[5] = rt6M_tl.a
[6] = shb_l.a

  24 840 bytes of readonly  code memory
   1 424 bytes of readonly  data memory
   1 842 bytes of readwrite data memory

Errors: none
Warnings: none
